sema: error: Type of return statement does not match function return type
└── Program <4>
    └── FuncDecl: returnType = 'int', name = 'foo' <3>
        └── CompoundStmt <2>
            └── ReturnStmt <1>
                └── FloatLiteral: value = '2' <0>
