1:1 -> 1:3          42                  INT_LITERAL         
1:3 -> 1:4          ;                   SEMICOLON           
