lexer: error: 1:6: Float literals must only contain one decimal point
