1:1 -> 1:2          1                   INT_LITERAL         
1:3 -> 1:6          123                 INT_LITERAL         
2:1 -> 2:4          1.2                 FLOAT_LITERAL       
2:5 -> 2:8          12.                 FLOAT_LITERAL       
3:1 -> 3:6          "foo"               STRING_LITERAL      
3:7 -> 3:12         "bar"               STRING_LITERAL      
