parser: error: 3:12: non-associative operators may not be used multiple times in a row
